일별 누적온기/식탁Lv합: 4.6e+9/Lv18  3.8e+11/Lv32  1.3e+12/Lv36  2.6e+12/Lv36  4.6e+12/Lv39  7.0e+12/Lv39  9.5e+12/Lv39  1.2e+13/Lv39  1.6e+13/Lv42  2.1e+13/Lv42  2.5e+13/Lv42  2.9e+13/Lv42  3.4e+13/Lv42  3.8e+13/Lv42
하루 3회×3분, 14일
사연 1 (온기 120): 0.3일째
사연 2 (온기 200000000): 1.0일째
사연 3 (온기 550000000000): 2.3일째
사연 4 (온기 3800000000000): 4.7일째
사연 5 (온기 12000000000000): 8.0일째
사연 6 (온기 34000000000000): 13.3일째
사연 7 (온기 90000000000000): 미도달
사연 8 (온기 150000000000000): 미도달
사연 9 (온기 200000000000000): 미도달
사연 10 (온기 240000000000000): 미도달
사연 11 (온기 290000000000000): 미도달
사연 12 (온기 330000000000000): 미도달
사연 13 (온기 380000000000000): 미도달
사연 14 (온기 430000000000000): 미도달
사연 15 (온기 480000000000000): 미도달
사연 16 (온기 550000000000000): 미도달
사연 17 (온기 610000000000000): 미도달
사연 18 (온기 670000000000000): 미도달
사연 19 (온기 740000000000000): 미도달
사연 20 (온기 810000000000000): 미도달
사연 21 (온기 890000000000000): 미도달
사연 22 (온기 970000000000000): 미도달
사연 23 (온기 1100000000000000): 미도달
사연 24 (온기 1100000000000000): 미도달
사연 25 (온기 1200000000000000): 미도달
사연 26 (온기 1300000000000000): 미도달
사연 27 (온기 1500000000000000): 미도달
사연 28 (온기 1600000000000000): 미도달
사연 29 (온기 1600000000000000): 미도달
사연 30 (온기 1700000000000000): 미도달
식탁 Lv {"nemo":14,"semo":14,"dong":14} 의자 4 누적 온기 3.85e+13 웃음 2.82e+9
엔딩 조건 충족(모든 식탁 Lv15+, 의자 4, 사연 30편 문턱): 미도달
