OK   홈 글자 크기 17px 이상 
OK   레벨 목록 140개(처음엔 1만 열림)
OK   레벨 101 클리어(diff, 9곳)
OK   레벨 102 클리어(odd, 3곳)
OK   레벨 103 클리어(hidden, 5곳)
OK   레벨 104 클리어(three, 8곳)
OK   레벨 105 클리어(diff, 4곳)
OK   레벨 106 클리어(memory, 8곳)
OK   레벨 107 클리어(zoom, 9곳)
OK   레벨 108 클리어(odd, 3곳)
OK   레벨 109 클리어(hidden, 5곳)
OK   레벨 110 클리어(diff, 4곳)
OK   레벨 111 클리어(diff, 6곳)
OK   레벨 112 클리어(hidden, 5곳)
OK   레벨 113 클리어(diff, 7곳)
OK   레벨 114 클리어(memory, 6곳)
OK   레벨 115 클리어(diff, 4곳)
OK   레벨 116 클리어(zoom, 8곳)
OK   레벨 117 클리어(odd, 3곳)
OK   레벨 118 클리어(three, 7곳)
OK   레벨 119 클리어(diff, 7곳)
OK   레벨 120 클리어(diff, 4곳)
OK   레벨 120 까지 사진·앨범 소품 2개
OK   콘솔 오류 없음 
ALL PASS
