결과 분포(무작위 응답 20000회):
  dong0  14.8%
  dong1  8.8%
  dong2  10.6%
  nemo0  7.6%
  nemo1  13.7%
  nemo2  11.7%
  semo0  11.2%
  semo1  14.0%
  semo2  7.7%
가족별: nemo 32.9% semo 32.9% dong 34.2%
  q1 dong 34% semo 35% nemo 32%
  q2 semo 32% nemo 37% dong 31%
  q3 dong 32% semo 38% nemo 30%
  q4 nemo 32% dong 38% semo 30%
  q5 nemo 33% dong 35% semo 32%
  q6 dong 33% semo 33% nemo 34%
  q7 nemo 30% dong 34% semo 37%
  q8 dong 35% nemo 32% semo 32%
  q9 semo 33% nemo 32% dong 35%
  q10 semo 37% dong 31% nemo 32%
  q11 dong 33% nemo 32% semo 35%
  q12 dong 36% nemo 34% semo 30%
  q13 dong 36% nemo 35% semo 30%
  q14 semo 31% nemo 34% dong 35%
  q15 dong 30% semo 34% nemo 36%
  q16 semo 31% nemo 33% dong 36%
  q17 dong 37% nemo 29% semo 34%
  q18 dong 34% semo 31% nemo 35%
  q19 dong 35% semo 31% nemo 34%
ALL PASS
