OK   홈: 글자 없음/24px 이상 
OK   하루 길: 장면 5개(처음엔 1만 열림)
OK   판 1 클리어(brush, 실제 포인터)
OK   판 2 클리어(brush)
OK   판 3 클리어(brush)
OK   판 4 클리어(brush)
OK   판 5 클리어(dress, 실제 포인터)
OK   판 6 클리어(dress)
OK   판 7 클리어(dress)
OK   판 8 클리어(dress)
OK   빠르게 두 번 눌러도 한 번만 셈(거북이가 기다림)
OK   판 9 클리어(chew, 실제 포인터)
OK   판 10 클리어(chew)
OK   판 10 까지 욕실·침실 소품 5개
OK   판 11 클리어(chew)
OK   판 12 클리어(chew)
OK   판 13 클리어(tidy, 실제 포인터)
OK   판 14 클리어(tidy)
OK   판 15 클리어(tidy)
OK   판 16 클리어(tidy)
OK   판 17 클리어(sleep, 실제 포인터)
OK   판 18 클리어(sleep)
OK   판 19 클리어(sleep)
OK   판 20 클리어(sleep)
OK   판 20 까지 욕실·침실 소품 10개
OK   놀이 화면에 글자 없음 
OK   오늘의 하루 클리어
OK   콘솔 오류 없음 
ALL PASS
