OK   ① 놀이터 extras 초기화
OK   ① 놀이터 유아 앱엔 ⚙ 없음
OK   ① 놀이터 유아 앱은 광고 설정과 무관하게 항상 차단
OK   ① 놀이터 길게 누르면 구구단 잠금: 보호자 확인: 7 × 6 = ?
OK   ① 놀이터 보호자 메뉴: 소리|소리 크기|자막|쉬어요 알림끔|별0|깬 단계0|스티커0|이 앱 기록 지
OK   ① 놀이터 쉬어요 알림이 뜸(보호자가 정한 시간)
OK   ① 놀이터 콘솔 오류 없음 
OK   ② 식탁 extras 초기화
OK   ② 식탁 ⚙ 버튼
OK   ② 식탁 설정 줄: 소리|소리 크기|자막|큰 글씨|통계보기|업적0/4|출석 도장보|도움말 다시|이 앱 기록
OK   ② 식탁 큰 글씨 켜짐
OK   ② 식탁 큰 글씨 꺼짐
OK   ② 식탁 통계 줄 3
OK   ② 식탁 업적 4개
OK   ② 식탁 오늘 출석 도장 찍힘
OK   ② 식탁 도장 1개일 땐 소품 못 받음(부담 없음)
OK   ② 식탁 광고: 기본 꺼짐·켜면 보상형만·전면 기본 꺼짐
OK   ② 식탁 광고 닫기 = 보상 없음·불이익 없음
OK   ② 식탁 광고 끝까지 = 보상 1회
OK   ② 식탁 광고 제거 구매자는 광고 없이 바로 보상
OK   ② 식탁 콘솔 오류 없음 
OK   ③ 합치기 extras 초기화
OK   ③ 합치기 ⚙ 버튼
OK   ③ 합치기 설정 줄: 소리|소리 크기|자막|큰 글씨|통계보기|업적0/10|출석 도장보|도움말 다시|이 앱 기록
OK   ③ 합치기 큰 글씨 켜짐
OK   ③ 합치기 큰 글씨 꺼짐
OK   ③ 합치기 통계 줄 6
OK   ③ 합치기 업적 10개
OK   ③ 합치기 오늘 출석 도장 찍힘
OK   ③ 합치기 도장 1개일 땐 소품 못 받음(부담 없음)
OK   ③ 합치기 광고: 기본 꺼짐·켜면 보상형만·전면 기본 꺼짐
OK   ③ 합치기 광고 닫기 = 보상 없음·불이익 없음
OK   ③ 합치기 광고 끝까지 = 보상 1회
OK   ③ 합치기 광고 제거 구매자는 광고 없이 바로 보상
OK   ③ 합치기 콘솔 오류 없음 
OK   ④ 색칠북 extras 초기화
OK   ④ 색칠북 유아 앱엔 ⚙ 없음
OK   ④ 색칠북 유아 앱은 광고 설정과 무관하게 항상 차단
OK   ④ 색칠북 길게 누르면 구구단 잠금: 보호자 확인: 8 × 8 = ?
OK   ④ 색칠북 보호자 메뉴: 소리|소리 크기|자막|쉬어요 알림끔|완성한 그림0 |아이 방 액자0|도움말 다시 보|이 앱 기록 지
OK   ④ 색칠북 쉬어요 알림이 뜸(보호자가 정한 시간)
OK   ④ 색칠북 콘솔 오류 없음 
OK   ⑤ 어느 도형 extras 초기화
OK   ⑤ 어느 도형 ⚙ 버튼
OK   ⑤ 어느 도형 설정 줄: 소리|소리 크기|자막|큰 글씨|통계보기|업적0/6|출석 도장보|도움말 다시|이 앱 기록
OK   ⑤ 어느 도형 큰 글씨 켜짐
OK   ⑤ 어느 도형 큰 글씨 꺼짐
OK   ⑤ 어느 도형 통계 줄 3
OK   ⑤ 어느 도형 업적 6개
OK   ⑤ 어느 도형 오늘 출석 도장 찍힘
OK   ⑤ 어느 도형 도장 1개일 땐 소품 못 받음(부담 없음)
OK   ⑤ 어느 도형 광고: 기본 꺼짐·켜면 보상형만·전면 기본 꺼짐
OK   ⑤ 어느 도형 광고 닫기 = 보상 없음·불이익 없음
OK   ⑤ 어느 도형 광고 끝까지 = 보상 1회
OK   ⑤ 어느 도형 광고 제거 구매자는 광고 없이 바로 보상
OK   ⑤ 어느 도형 콘솔 오류 없음 
OK   ⑥ 다른 그림 extras 초기화
OK   ⑥ 다른 그림 ⚙ 버튼
OK   ⑥ 다른 그림 설정 줄: 소리|소리 크기|자막|큰 글씨|통계보기|업적0/10|출석 도장보|도움말 다시|이 앱 기록
OK   ⑥ 다른 그림 큰 글씨 켜짐
OK   ⑥ 다른 그림 큰 글씨 꺼짐
OK   ⑥ 다른 그림 통계 줄 6
OK   ⑥ 다른 그림 업적 10개
OK   ⑥ 다른 그림 오늘 출석 도장 찍힘
OK   ⑥ 다른 그림 도장 1개일 땐 소품 못 받음(부담 없음)
OK   ⑥ 다른 그림 광고: 기본 꺼짐·켜면 보상형만·전면 기본 꺼짐
OK   ⑥ 다른 그림 광고 닫기 = 보상 없음·불이익 없음
OK   ⑥ 다른 그림 광고 끝까지 = 보상 1회
OK   ⑥ 다른 그림 광고 제거 구매자는 광고 없이 바로 보상
OK   ⑥ 다른 그림 콘솔 오류 없음 
OK   ⑦ 블록 extras 초기화
OK   ⑦ 블록 ⚙ 버튼
OK   ⑦ 블록 설정 줄: 소리|소리 크기|자막|큰 글씨|통계보기|업적0/10|출석 도장보|도움말 다시|이 앱 기록
OK   ⑦ 블록 큰 글씨 켜짐
OK   ⑦ 블록 큰 글씨 꺼짐
OK   ⑦ 블록 통계 줄 6
OK   ⑦ 블록 업적 10개
OK   ⑦ 블록 오늘 출석 도장 찍힘
OK   ⑦ 블록 도장 1개일 땐 소품 못 받음(부담 없음)
OK   ⑦ 블록 광고: 기본 꺼짐·켜면 보상형만·전면 기본 꺼짐
OK   ⑦ 블록 광고 닫기 = 보상 없음·불이익 없음
OK   ⑦ 블록 광고 끝까지 = 보상 1회
OK   ⑦ 블록 광고 제거 구매자는 광고 없이 바로 보상
OK   ⑦ 블록 콘솔 오류 없음 
OK   ⑧ 정리 extras 초기화
OK   ⑧ 정리 ⚙ 버튼
OK   ⑧ 정리 설정 줄: 소리|소리 크기|자막|큰 글씨|통계보기|업적0/10|출석 도장보|도움말 다시|이 앱 기록
OK   ⑧ 정리 큰 글씨 켜짐
OK   ⑧ 정리 큰 글씨 꺼짐
OK   ⑧ 정리 통계 줄 6
OK   ⑧ 정리 업적 10개
OK   ⑧ 정리 오늘 출석 도장 찍힘
OK   ⑧ 정리 도장 1개일 땐 소품 못 받음(부담 없음)
OK   ⑧ 정리 광고: 기본 꺼짐·켜면 보상형만·전면 기본 꺼짐
OK   ⑧ 정리 광고 닫기 = 보상 없음·불이익 없음
OK   ⑧ 정리 광고 끝까지 = 보상 1회
OK   ⑧ 정리 광고 제거 구매자는 광고 없이 바로 보상
OK   ⑧ 정리 콘솔 오류 없음 
OK   ⑨ 짝 맞추기 extras 초기화
OK   ⑨ 짝 맞추기 ⚙ 버튼
OK   ⑨ 짝 맞추기 설정 줄: 소리|소리 크기|자막|큰 글씨|통계보기|업적0/10|출석 도장보|도움말 다시|이 앱 기록
OK   ⑨ 짝 맞추기 큰 글씨 켜짐
OK   ⑨ 짝 맞추기 큰 글씨 꺼짐
OK   ⑨ 짝 맞추기 통계 줄 6
OK   ⑨ 짝 맞추기 업적 10개
OK   ⑨ 짝 맞추기 오늘 출석 도장 찍힘
OK   ⑨ 짝 맞추기 도장 1개일 땐 소품 못 받음(부담 없음)
OK   ⑨ 짝 맞추기 광고: 기본 꺼짐·켜면 보상형만·전면 기본 꺼짐
OK   ⑨ 짝 맞추기 광고 닫기 = 보상 없음·불이익 없음
OK   ⑨ 짝 맞추기 광고 끝까지 = 보상 1회
OK   ⑨ 짝 맞추기 광고 제거 구매자는 광고 없이 바로 보상
OK   ⑨ 짝 맞추기 콘솔 오류 없음 
OK   ⑩ 막둥이의 하루 extras 초기화
OK   ⑩ 막둥이의 하루 유아 앱엔 ⚙ 없음
OK   ⑩ 막둥이의 하루 유아 앱은 광고 설정과 무관하게 항상 차단
OK   ⑩ 막둥이의 하루 길게 누르면 구구단 잠금: 보호자 확인: 8 × 6 = ?
OK   ⑩ 막둥이의 하루 보호자 메뉴: 소리|소리 크기|자막|쉬어요 알림끔|깬 판0 / 6|아이 방 소품0|도움말 다시 보|이 앱 기록 지
OK   ⑩ 막둥이의 하루 쉬어요 알림이 뜸(보호자가 정한 시간)
OK   ⑩ 막둥이의 하루 콘솔 오류 없음 
ALL PASS
