레벨 120 풀이 재생 실패 0 | 3별 달성 비율(풀이 기준) 0.97
tutorial   3 조각 4.67 탐욕 0.94
intro      8 조각 9.88 탐욕 0.94
growth     67 조각 31.12 탐욕 0.71
rest       23 조각 26.48 탐욕 0.92
challenge  19 조각 44.05 탐욕 0.64
장별 탐욕 성공률: 1:0.93 2:0.92 3:0.97 4:0.74 5:0.71 6:0.71 7:0.71 8:0.71 9:0.64 10:0.78 11:0.62 12:0.70
쉬어 가기 평균 0.92 (목표 0.9)
--- 판 종류별(각 24판 생성, 풀이 재생 + 탐욕/무작위 성공률) ---
make     풀이 재생 24/24 탐욕 0.71 무작위 0.11 조각 26
order    풀이 재생 24/24 탐욕 0.71 무작위 0.11 조각 31
tight    풀이 재생 24/24 탐욕 0.91 무작위 0.36 조각 13
solo     풀이 재생 24/24 탐욕 0.69 무작위 0.16 조각 36
clear    풀이 재생 24/24 탐욕 0.70 무작위 0.08 조각 55
move     풀이 재생 24/24 탐욕 0.74 무작위 0.15 조각 32
kimjang  풀이 재생 24/24 탐욕 0.84 무작위 0.20 조각 22
--- 오늘의 한 판(30일) ---
오늘의 한 판 30/30
--- 세 가족 판(규칙 0·1·2 × n=6..40) ---
세 가족 판 27/27
