OK   ① 놀이터 extras 초기화
OK   ① 놀이터 유아 앱엔 ⚙ 없음
OK   ① 놀이터 유아 앱은 진동 없음(권한 0)
OK   ① 놀이터 유아 앱은 광고 설정과 무관하게 항상 차단
OK   ① 놀이터 길게 누르면 구구단 잠금: 보호자 확인: 8 × 8 = ?
OK   ① 놀이터 보호자 메뉴: 소리|소리 크기|자막|쉬어요 알림끔|별0|깬 단계0|스티커0|이 앱 기록 지
OK   ① 놀이터 쉬어요 알림이 뜸(보호자가 정한 시간)
OK   ① 놀이터 콘솔 오류 없음 
OK   ② 식탁 extras 초기화
OK   ② 식탁 ⚙ 버튼
node:internal/process/promises:394
    triggerUncaughtException(err, true /* fromPromise */);
    ^

page.click: Timeout 30000ms exceeded.
Call log:
[2m  - waiting for locator('#b-set')[22m
[2m    - locator resolved to <button id="b-set" class="round-btn" aria-label="settings">…</button>[22m
[2m  - attempting click action[22m
[2m    2 × waiting for element to be visible, enabled and stable[22m
[2m      - element is visible, enabled and stable[22m
[2m      - scrolling into view if needed[22m
[2m      - done scrolling[22m
[2m      - <rect y="476" x="-1500" width="3360" opacity=".5" height="1700" fill="#E3B27F"></rect> from <div id="safe">…</div> subtree intercepts pointer events[22m
[2m    - retrying click action[22m
[2m    - waiting 20ms[22m
[2m    2 × waiting for element to be visible, enabled and stable[22m
[2m      - element is visible, enabled and stable[22m
[2m      - scrolling into view if needed[22m
[2m      - done scrolling[22m
[2m      - <rect y="476" x="-1500" width="3360" opacity=".5" height="1700" fill="#E3B27F"></rect> from <div id="safe">…</div> subtree intercepts pointer events[22m
[2m    - retrying click action[22m
[2m      - waiting 100ms[22m
[2m    56 × waiting for element to be visible, enabled and stable[22m
[2m       - element is visible, enabled and stable[22m
[2m       - scrolling into view if needed[22m
[2m       - done scrolling[22m
[2m       - <rect y="476" x="-1500" width="3360" opacity=".5" height="1700" fill="#E3B27F"></rect> from <div id="safe">…</div> subtree intercepts pointer events[22m
[2m     - retrying click action[22m
[2m       - waiting 500ms[22m

    at C:\projects\geometric-family\tools\extras_smoke.js:20:15 {
  log: [
    "  - waiting for locator('#b-set')",
    '    - locator resolved to <button id="b-set" class="round-btn" aria-label="settings">…</button>',
    '  - attempting click action',
    '    2 × waiting for element to be visible, enabled and stable',
    '      - element is visible, enabled and stable',
    '      - scrolling into view if needed',
    '      - done scrolling',
    '      - <rect y="476" x="-1500" width="3360" opacity=".5" height="1700" fill="#E3B27F"></rect> from <div id="safe">…</div> subtree intercepts pointer events',
    '    - retrying click action',
    '    - waiting 20ms',
    '    2 × waiting for element to be visible, enabled and stable',
    '      - element is visible, enabled and stable',
    '      - scrolling into view if needed',
    '      - done scrolling',
    '      - <rect y="476" x="-1500" width="3360" opacity=".5" height="1700" fill="#E3B27F"></rect> from <div id="safe">…</div> subtree intercepts pointer events',
    '    - retrying click action',
    '      - waiting 100ms',
    '    56 × waiting for element to be visible, enabled and stable',
    '       - element is visible, enabled and stable',
    '       - scrolling into view if needed',
    '       - done scrolling',
    '       - <rect y="476" x="-1500" width="3360" opacity=".5" height="1700" fill="#E3B27F"></rect> from <div id="safe">…</div> subtree intercepts pointer events',
    '     - retrying click action',
    '       - waiting 500ms'
  ],
  name: 'TimeoutError'
}

Node.js v24.12.0
