OK   홈 글자 크기 (13.5px↓ 없음) 
OK   새 게임: 레벨 1만 열리고 나머지 잠김 119/120
OK   레벨 1 클리어(tutorial, 4×4, 조각 4)
OK   레벨 2 클리어(tutorial, 4×4, 조각 5)
OK   레벨 3 클리어(tutorial, 4×4, 조각 5)
OK   레벨 4 클리어(intro, 4×4, 조각 6)
OK   레벨 5 클리어(intro, 4×4, 조각 5)
OK   레벨 6 클리어(intro, 4×4, 조각 3)
OK   판 종류 make (레벨 1) 클리어(make, 4×4, 조각 4)
OK   판 종류 order (레벨 4) 클리어(order, 4×4, 조각 6)
OK   판 종류 tight (레벨 23) 클리어(tight, 4×4, 조각 8)
OK   판 종류 solo (레벨 33) 클리어(solo, 5×5, 조각 21)
OK   판 종류 clear (레벨 43) 클리어(clear, 5×5, 조각 25)
OK   판 종류 move (레벨 53) 클리어(move, 5×5, 조각 26)
OK   판 종류 kimjang (레벨 63) 클리어(kimjang, 5×6, 조각 22)
OK   오늘의 한 판 클리어(make, 5×6, 조각 29)
OK   시즌 판(연말 트리) 클리어(make, 5×5, 조각 15)
OK   세 가족 판 규칙 0 클리어(make, 4×5, 조각 9)
OK   세 가족 판 규칙 1 클리어(make, 4×5, 조각 9)
OK   세 가족 판 규칙 2 클리어(make, 4×5, 조각 9)
OK   집에 가구가 쌓임: 7개
OK   콘솔 오류 없음 
ALL PASS
