OK   ② 식탁 광고 꺼짐이면 「광고 보고」 문구 없음
OK   ② 식탁 다녀오셨어요 팝업의 「광고 보고 2배 받기」
OK   ② 식탁 광고를 못 불러오면 보상을 그냥 지급
OK   ② 식탁 하루 5회를 넘으면 자리가 사라짐
OK   ② 식탁 콘솔 오류 없음 
OK   ③ 합치기 광고 꺼짐이면 「광고 보고」 문구 없음
OK   ③ 합치기 「광고 보고 …」 + 「안 봐도 괜찮아요」 정직 표기
OK   ③ 합치기 「괜찮아요」 로 닫힘(보상·불이익 없음)
OK   ③ 합치기 테스트 광고 팝업
OK   ③ 합치기 광고를 못 불러오면 보상을 그냥 지급
OK   ③ 합치기 하루 5회를 넘으면 자리가 사라짐
OK   ③ 합치기 콘솔 오류 없음 
OK   ⑤ 어느 도형 광고 꺼짐이면 「광고 보고」 문구 없음
OK   ⑤ 어느 도형 결과 카드 버튼 「광고 보고 스티커」
OK   ⑤ 어느 도형 광고를 못 불러오면 보상을 그냥 지급
OK   ⑤ 어느 도형 하루 5회를 넘으면 자리가 사라짐
OK   ⑤ 어느 도형 콘솔 오류 없음 
OK   ⑥ 다른 그림 광고 꺼짐이면 「광고 보고」 문구 없음
OK   ⑥ 다른 그림 결과의 「광고 보고 힌트 없이 별 다시 세기」
OK   ⑥ 다른 그림 광고를 못 불러오면 보상을 그냥 지급
OK   ⑥ 다른 그림 하루 5회를 넘으면 자리가 사라짐
OK   ⑥ 다른 그림 콘솔 오류 없음 
OK   ⑦ 블록 광고 꺼짐이면 「광고 보고」 문구 없음
OK   ⑦ 블록 「광고 보고 …」 + 「안 봐도 괜찮아요」 정직 표기
OK   ⑦ 블록 「괜찮아요」 로 닫힘(보상·불이익 없음)
OK   ⑦ 블록 테스트 광고 팝업
OK   ⑦ 블록 광고를 못 불러오면 보상을 그냥 지급
OK   ⑦ 블록 하루 5회를 넘으면 자리가 사라짐
OK   ⑦ 블록 콘솔 오류 없음 
OK   ⑧ 정리 광고 꺼짐이면 「광고 보고」 문구 없음
OK   ⑧ 정리 「광고 보고 …」 + 「안 봐도 괜찮아요」 정직 표기
OK   ⑧ 정리 「괜찮아요」 로 닫힘(보상·불이익 없음)
OK   ⑧ 정리 테스트 광고 팝업
OK   ⑧ 정리 광고를 못 불러오면 보상을 그냥 지급
OK   ⑧ 정리 하루 5회를 넘으면 자리가 사라짐
OK   ⑧ 정리 콘솔 오류 없음 
OK   ⑨ 짝 맞추기 광고 꺼짐이면 「광고 보고」 문구 없음
OK   ⑨ 짝 맞추기 「광고 보고 …」 + 「안 봐도 괜찮아요」 정직 표기
OK   ⑨ 짝 맞추기 「괜찮아요」 로 닫힘(보상·불이익 없음)
OK   ⑨ 짝 맞추기 테스트 광고 팝업
OK   ⑨ 짝 맞추기 광고를 못 불러오면 보상을 그냥 지급
OK   ⑨ 짝 맞추기 하루 5회를 넘으면 자리가 사라짐
OK   ⑨ 짝 맞추기 콘솔 오류 없음 
OK   ① 놀이터 유아 앱은 어떤 설정이어도 광고 차단
OK   ④ 색칠북 유아 앱은 어떤 설정이어도 광고 차단
OK   ⑩ 막둥이의 하루 유아 앱은 어떤 설정이어도 광고 차단
ALL PASS
