OK   홈 글자 크기 17px 이상 
OK   레벨 목록 120개(처음엔 1만 열림)
OK   레벨 1 클리어(sort, 칸 5, 칸 폭 66)
OK   레벨 1 칸 폭 44px 이상(66)
OK   레벨 2 클리어(sort, 칸 5, 칸 폭 66)
OK   레벨 2 칸 폭 44px 이상(66)
OK   레벨 3 클리어(sort, 칸 5, 칸 폭 66)
OK   레벨 3 칸 폭 44px 이상(66)
OK   레벨 4 클리어(sort, 칸 5, 칸 폭 66)
OK   레벨 4 칸 폭 44px 이상(66)
OK   레벨 5 클리어(sort, 칸 5, 칸 폭 66)
OK   레벨 5 칸 폭 44px 이상(66)
OK   레벨 6 클리어(pair, 칸 6, 칸 폭 58)
OK   레벨 6 칸 폭 44px 이상(58)
OK   실제 클릭으로 칸을 집음
OK   실제 클릭으로 물건이 옮겨짐
OK   되돌리기
OK   되돌리기는 한 판 3번까지
OK   칸 하나 더(1번만)
OK   힌트: 집을 칸이 깜빡임
OK   못 옮기는 칸엔 안 놓임(벌 없음)
OK   판 종류 6종: sort,pair,family,locked,hidden,limit
OK   오늘의 한 판 클리어(sort)
OK   세 가족 판(네모) 클리어(sort)
OK   세 가족 판(세모) 클리어(sort)
OK   세 가족 판(동그라미) 클리어(sort)
OK   시즌 판 클리어(sort)
OK   콘솔 오류 없음 
ALL PASS
