OK   ① 놀이터 — 첫 판까지 1탭 · 첫 화면 손가락 있음
OK   ① 놀이터 — 첫 실행 손가락 안내
OK   ② 세 가족 식탁 — 첫 판까지 2탭 · 첫 화면 손가락 있음
OK   ② 세 가족 식탁 — 첫 실행 손가락 안내
OK   ③ 도형 합치기 — 첫 판까지 1탭 · 첫 화면 손가락 있음
OK   ③ 도형 합치기 — 첫 실행 손가락 안내
OK   ④ 색칠북 — 첫 판까지 2탭 · 첫 화면 손가락 있음
OK   ④ 색칠북 — 첫 실행 손가락 안내
OK   ⑥ 다른 그림 찾기 — 첫 판까지 1탭 · 첫 화면 손가락 있음
OK   ⑥ 다른 그림 찾기 — 첫 실행 손가락 안내
OK   ⑨ 짝 맞추기 — 첫 판까지 1탭 · 첫 화면 손가락 있음
OK   ⑨ 짝 맞추기 — 첫 실행 손가락 안내
OK   ⑩ 막둥이의 하루 — 첫 판까지 2탭 · 첫 화면 손가락 있음
OK   ⑩ 막둥이의 하루 — 첫 실행 손가락 안내
OK   ⑧ 정리의 달인 — 첫 판까지 1탭 · 첫 화면 손가락 있음
OK   ⑧ 정리의 달인 — 첫 실행 손가락 안내
OK   ⑦ 도형 블록 — 첫 판까지 1탭 · 첫 화면 손가락 있음
OK   ⑦ 도형 블록 — 첫 실행 손가락 안내
OK   ⑤ 어느 도형 — 첫 판까지 1탭 · 첫 화면 손가락 있음
OK   ⑤ 어느 도형 — 첫 실행 손가락 안내
ALL PASS
