OK   ② 식탁 첫 실행 인사 컷(세 가족 + 자막) 표시
OK   ② 식탁 탭 한 번에 건너뛰고 홈
OK   ② 식탁 두 번째 실행엔 인사 없음
OK   ② 식탁 3.2초 뒤 자동으로 홈
OK   ② 식탁 오류 없음 undefined
OK   ③ 합치기 첫 실행 인사 컷(세 가족 + 자막) 표시
OK   ③ 합치기 탭 한 번에 건너뛰고 홈
OK   ③ 합치기 두 번째 실행엔 인사 없음
OK   ③ 합치기 3.2초 뒤 자동으로 홈
OK   ③ 합치기 오류 없음 undefined
OK   ④ 색칠북 첫 실행 인사 컷(세 가족 + 자막) 표시
OK   ④ 색칠북 탭 한 번에 건너뛰고 홈
OK   ④ 색칠북 두 번째 실행엔 인사 없음
OK   ④ 색칠북 3.2초 뒤 자동으로 홈
OK   ④ 색칠북 오류 없음 undefined
OK   ⑤ 어느 도형 첫 실행 인사 컷(세 가족 + 자막) 표시
OK   ⑤ 어느 도형 탭 한 번에 건너뛰고 홈
OK   ⑤ 어느 도형 두 번째 실행엔 인사 없음
OK   ⑤ 어느 도형 3.2초 뒤 자동으로 홈
OK   ⑤ 어느 도형 오류 없음 undefined
OK   ⑦ 도형 블록 첫 실행 인사 컷(세 가족 + 자막) 표시
OK   ⑦ 도형 블록 탭 한 번에 건너뛰고 홈
OK   ⑦ 도형 블록 두 번째 실행엔 인사 없음
OK   ⑦ 도형 블록 3.2초 뒤 자동으로 홈
OK   ⑦ 도형 블록 오류 없음 undefined
OK   ⑥ 다른 그림 찾기 첫 실행 인사 컷(세 가족 + 자막) 표시
OK   ⑥ 다른 그림 찾기 탭 한 번에 건너뛰고 홈
OK   ⑥ 다른 그림 찾기 두 번째 실행엔 인사 없음
OK   ⑥ 다른 그림 찾기 3.2초 뒤 자동으로 홈
OK   ⑥ 다른 그림 찾기 오류 없음 undefined
OK   ⑨ 짝 맞추기 첫 실행 인사 컷(세 가족 + 자막) 표시
OK   ⑨ 짝 맞추기 탭 한 번에 건너뛰고 홈
OK   ⑨ 짝 맞추기 두 번째 실행엔 인사 없음
OK   ⑨ 짝 맞추기 3.2초 뒤 자동으로 홈
OK   ⑨ 짝 맞추기 오류 없음 undefined
OK   ⑧ 정리의 달인 첫 실행 인사 컷(세 가족 + 자막) 표시
OK   ⑧ 정리의 달인 탭 한 번에 건너뛰고 홈
OK   ⑧ 정리의 달인 두 번째 실행엔 인사 없음
OK   ⑧ 정리의 달인 3.2초 뒤 자동으로 홈
OK   ⑧ 정리의 달인 오류 없음 undefined
OK   ⑩ 막둥이의 하루 첫 실행 인사 컷(세 가족 + 자막) 표시
OK   ⑩ 막둥이의 하루 탭 한 번에 건너뛰고 홈
OK   ⑩ 막둥이의 하루 두 번째 실행엔 인사 없음
OK   ⑩ 막둥이의 하루 3.2초 뒤 자동으로 홈
OK   ⑩ 막둥이의 하루 오류 없음 undefined
OK   ① 첫 실행 프롤로그 컷 표시
OK   ① 탭 한 번에 프롤로그 건너뛰고 첫 판
OK   ① 두 번째부터는 프롤로그 없이 바로 판
ALL PASS
