결과 분포(무작위 응답 20000회):
  dong0  14.3%
  dong1  7.6%
  dong2  10.7%
  nemo0  8.0%
  nemo1  15.3%
  nemo2  10.7%
  semo0  11.1%
  semo1  14.4%
  semo2  7.9%
가족별: nemo 34.0% semo 33.4% dong 32.6%
  q1 semo 33% nemo 36% dong 31%
  q2 semo 32% dong 31% nemo 38%
  q3 semo 38% dong 34% nemo 28%
  q4 semo 33% dong 33% nemo 34%
  q5 dong 36% semo 33% nemo 32%
  q6 semo 35% nemo 34% dong 31%
  q7 dong 30% nemo 37% semo 33%
  q8 dong 33% nemo 34% semo 33%
  q9 semo 33% nemo 33% dong 34%
  q10 semo 35% nemo 32% dong 33%
  q11 dong 36% semo 33% nemo 31%
  q12 dong 32% nemo 35% semo 32%
  q13 semo 34% nemo 32% dong 35%
  q14 semo 34% dong 30% nemo 36%
  q15 nemo 37% dong 32% semo 31%
  q16 dong 32% nemo 35% semo 33%
  q17 semo 35% nemo 35% dong 30%
ALL PASS
