OK   ⑦ 블록 순위표 보드: daily,endless
OK   ⑦ 블록 [daily] 같은 시드 = 같은 점수(캐시 지워도)
OK   ⑦ 블록 [daily] 앱을 다시 켜도 같은 점수
OK   ⑦ 블록 [daily] 날짜가 다르면 점수가 다름
OK   ⑦ 블록 [daily] 봇끼리 동점 0(하루 0 · 주간 0)
OK   ⑦ 블록 [daily] 매주 가족마다 봇 중 1위 1회 이상(1/5/1 2/3/2 1/2/4 2/3/2 4/2/1 1/4/2 1/4/2 1/4/2)
OK   ⑦ 블록 [daily] 세모는 주마다 대박 날이 2번 이상(눈에 띔)
OK   ⑦ 블록 [daily] 부부·부모 모두 1위 날이 있음(56일: {"semo_h":12,"semo_w":15,"nemo_dad":7,"nemo_mom":6})
     ⑦ 블록 [daily] 평균(네모·세모·동그라미)=584/431/561 표준편차=276/317/314 쉬는 날=1
OK   ⑦ 블록 [daily] 점수 범위
OK   ⑦ 블록 [daily] 쉬는 날은 가끔(14일×5명 중 1)
OK   ⑦ 블록 [endless] 같은 시드 = 같은 점수(캐시 지워도)
OK   ⑦ 블록 [endless] 앱을 다시 켜도 같은 점수
OK   ⑦ 블록 [endless] 날짜가 다르면 점수가 다름
OK   ⑦ 블록 [endless] 봇끼리 동점 0(하루 0 · 주간 0)
OK   ⑦ 블록 [endless] 매주 가족마다 봇 중 1위 1회 이상(3/2/2 1/3/3 1/4/2 2/3/2 2/3/2 1/3/3 1/4/2 2/2/3)
OK   ⑦ 블록 [endless] 세모는 주마다 대박 날이 2번 이상(눈에 띔)
OK   ⑦ 블록 [endless] 부부·부모 모두 1위 날이 있음(56일: {"semo_h":11,"semo_w":13,"nemo_dad":8,"nemo_mom":5})
     ⑦ 블록 [endless] 평균(네모·세모·동그라미)=291/272/480 표준편차=170/213/226 쉬는 날=2
OK   ⑦ 블록 [endless] 점수 범위
OK   ⑦ 블록 [endless] 쉬는 날은 가끔(14일×5명 중 2)
OK   ⑦ 블록 [끝없이] 세모가 네모보다 들쭉날쭉(213 > 170)
OK   ⑦ 블록 지면(점수 50) 한 줄 없음
OK   ⑦ 블록 이기면 한 줄: 오늘은 세모 남편을 이겼어요!
OK   ⑦ 블록 1위
OK   ⑦ 블록 주 1위 → 집 소품 1개 확정 지급(o_bricks)
OK   ⑦ 블록 같은 주에 두 번째 보상 없음
OK   ⑦ 블록 주간 한 줄: 이번 주는 동그라미 아빠를 앞서고 있어요!
OK   ⑦ 블록 월요일에 주간은 새로 시작, 지난주는 내 기록에만 남음(6000,5000,50)
OK   ⑦ 블록 시트: 가족 5명 + 나(6줄)
OK   ⑦ 블록 시트가 화면 안·큰 글씨에서도 안내 줄까지 안 잘림(안내 2줄)
OK   ⑦ 블록 오늘의 한 판 결과에 「순위표 보기」
OK   ⑦ 블록 실제 플레이 점수 기록(1000)
OK   ⑦ 블록 내 점수가 오늘 순위표에 보임
OK   ⑦ 블록 통계 화면에 순위표 줄
OK   ⑦ 블록 콘솔 오류 없음 
ALL PASS
