OK   ⑥ 다른 그림 순위표 보드: daily
OK   ⑥ 다른 그림 [daily] 같은 시드 = 같은 점수(캐시 지워도)
OK   ⑥ 다른 그림 [daily] 앱을 다시 켜도 같은 점수
OK   ⑥ 다른 그림 [daily] 날짜가 다르면 점수가 다름
     ⑥ 다른 그림 [daily] 평균(네모·세모·동그라미)=672/630/907 표준편차=133/267/118 쉬는 날=2
OK   ⑥ 다른 그림 [daily] 점수 범위
OK   ⑥ 다른 그림 [daily] 쉬는 날은 가끔(14일×5명 중 2)
OK   ⑥ 다른 그림 지면(점수 50) 한 줄 없음
OK   ⑥ 다른 그림 이기면 한 줄: 오늘은 세모 남편을 이겼어요!
OK   ⑥ 다른 그림 1위
OK   ⑥ 다른 그림 주 1위 → 집 소품 1개 확정 지급(a_frame)
OK   ⑥ 다른 그림 같은 주에 두 번째 보상 없음
OK   ⑥ 다른 그림 주간 한 줄: 이번 주는 세모 아내를 앞서고 있어요!
OK   ⑥ 다른 그림 월요일에 주간은 새로 시작, 지난주는 내 기록에만 남음(6000,5000,50)
OK   ⑥ 다른 그림 시트: 가족 5명 + 나(6줄)
OK   ⑥ 다른 그림 시트가 화면 안·큰 글씨에서도 글자 안 잘림
OK   ⑥ 다른 그림 오늘의 한 판 결과에 「순위표 보기」
OK   ⑥ 다른 그림 실제 플레이 점수 기록(1000)
OK   ⑥ 다른 그림 내 점수가 오늘 순위표에 보임
OK   ⑥ 다른 그림 통계 화면에 순위표 줄
OK   ⑥ 다른 그림 콘솔 오류 없음 
ALL PASS
