OK   no 가 모두 유일한 양의 정수
OK   고정표 b_sofa 010I29
OK   고정표 b_shelf 020PT5
OK   고정표 b_window 030WK1
OK   고정표 b_table 0413AL
OK   고정표 b_lamp 051A1O
OK   고정표 b_rug 061HSK
OK   고정표 b_tv 071OJG
OK   고정표 b_plant 081VAC
OK   고정표 b_clock 09220W
OK   고정표 b_bed 0A29YN
OK   고정표 k_train 0B2GPQ
OK   고정표 k_party 0C2NGM
OK   고정표 w_frame 0D2U7I
OK   고정표 t_bowl 0E31Y2
OK   고정표 n_plate 0F38OY
OK   고정표 s_tree 0G3FG1
OK   고정표 b_drawer 0H3M6X
OK   고정표 b_suitcase 0I3TXT
OK   고정표 b_globe 0J40OD
OK   고정표 b_nemo_living 0K47F9
OK   고정표 b_semo_home 0L4E6C
OK   고정표 b_dong_study 0M4LX8
OK   고정표 p_mix 0N4SO4
OK   고정표 p_lunch 0O4ZF0
OK   고정표 p_rice 0P565K
OK   고정표 p_remote 0Q5DWN
OK   고정표 p_points 0R5KNJ
OK   고정표 p_glass 0S5REF
OK   고정표 p_kimchi 0T5Y5B
OK   고정표 p_pill 0U65VV
OK   고정표 p_photo 0V6CMY
OK   고정표 p_pack1 0W6JDU
OK   고정표 p_tea 0X6Q4Q
OK   고정표 p_bagt 0Y6XVM
OK   고정표 p_pass 0Z74M6
OK   고정표 p_globe 107BGX
OK   고정표 p_ramen 117I7T
OK   고정표 p_phone 127PYP
OK   고정표 p_world 137WPL
OK   고정표 p_pair 1483G5
OK   고정표 p_film 158A78
OK   고정표 p_pack2 168HY4
OK   고정표 p_book 178OP0
OK   고정표 p_flower 188VFW
OK   고정표 p_label 19926G
OK   고정표 p_env 1A9947
OK   고정표 p_wreath 1B9GVA
OK   고정표 p_ra 1C9NM6
OK   고정표 p_vio 1D9UD2
OK   고정표 p_chair 1EA19N
OK   고정표 p_clock 1FA80J
OK   고정표 p_pack3 1GAFRM
OK   고정표 k_ch3 1HAMII
OK   고정표 k_ch4 1IAT9E
OK   고정표 k_ch5 1JB0ZY
OK   고정표 k_ch6 1KB7QU
OK   고정표 k_ch7 1LBEHX
OK   고정표 k_ch8 1MBL8T
OK   고정표 k_ch9 1NBSZP
OK   고정표 k_ch10 1OBZQL
OK   고정표 s_songpyeon 1PC6H5
OK   고정표 s_tteokguk 1QCD88
OK   고정표 s_carnation 1RCKZ4
OK   고정표 w_frame_gold 1SCRQ0
OK   고정표 w_frame_pink 1TCYGW
OK   고정표 w_garland 1UD57G
OK   고정표 w_balloons 1VDCYJ
OK   고정표 w_stars 1WDJPF
OK   고정표 w_rainbow 1XDQGB
OK   고정표 w_crown 1YDX77
OK   고정표 q_plate_nemo 1ZE4XR
OK   고정표 q_plate_semo 20EBSI
OK   고정표 q_plate_dong 21EIJE
OK   고정표 q_type_nemo0 22EPAA
OK   고정표 q_type_nemo1 23EW16
OK   고정표 q_type_nemo2 24F3RQ
OK   고정표 q_type_semo0 25FAIT
OK   고정표 q_type_semo1 26FH9P
OK   고정표 q_type_semo2 27FO0L
OK   고정표 q_type_dong0 28FVRH
OK   고정표 q_type_dong1 29G2I1
OK   고정표 q_type_dong2 2AG9FS
OK   고정표 q_game_1 2BGG6V
OK   고정표 q_game_2 2CGNXR
OK   고정표 q_game_3 2DGUON
OK   고정표 q_game_4 2EH1F7
OK   고정표 q_game_5 2FH863
OK   고정표 k_ch11 2GHFX6
OK   고정표 k_ch12 2HHMO2
OK   고정표 k_ch13 2IHTEY
OK   고정표 k_ch14 2JI05I
OK   고정표 k_ch15 2KI7WE
OK   고정표 o_bricks 2LIENH
OK   고정표 o_roof 2MILED
OK   고정표 o_chimney 2NIS59
OK   고정표 o_fence 2OIZW5
OK   고정표 o_gate 2PJ6MP
OK   고정표 o_mailbox 2QJDDS
OK   고정표 o_doghouse 2RJK4O
OK   고정표 o_lantern 2SJRVK
OK   고정표 o_flowerpot 2TJYMG
OK   고정표 o_window 2UK5D0
OK   고정표 o_flag 2VKC43
OK   고정표 o_sign 2WKJUZ
OK   고정표 o_bench 2XKQLV
OK   고정표 o_jar 2YKXCR
OK   고정표 o_hay 2ZL43B
OK   고정표 o_well 30LBY2
OK   고정표 o_cart 31LIOY
OK   고정표 o_lamp 32LPFU
OK   고정표 o_pond 33LW6Q
OK   고정표 o_swing 34M3XA
OK   고정표 a_frame 35MAOD
OK   고정표 a_photo 36MHF9
OK   고정표 a_album 37MO65
OK   고정표 a_cork 38MVX1
OK   고정표 a_camera 39N2NL
OK   고정표 a_film 3AN9LC
OK   고정표 a_polaroid 3BNGCF
OK   고정표 a_shelf 3CNN3B
OK   고정표 a_postcard 3DNUU7
OK   고정표 a_map 3EO1KR
OK   고정표 a_trophy 3FO8BN
OK   고정표 a_medal 3GOF2Q
OK   고정표 a_ribbon 3HOMTM
OK   고정표 a_calendar 3IOTKI
OK   고정표 a_scrapbook 3JP0B2
OK   고정표 a_magnifier 3KP71Y
OK   고정표 a_diary 3LPET1
OK   고정표 a_carp 3MPLJX
OK   고정표 a_wallclock 3NPSAT
OK   고정표 a_garland 3OPZ1P
OK   고정표 m_bench 3PQ6S9
OK   고정표 m_flowerrow 3QQDJC
OK   고정표 m_jar 3RQKA8
OK   고정표 m_laundry 3SQR14
OK   고정표 m_garden 3TQYS0
OK   고정표 m_coop 3UR5IK
OK   고정표 m_alley 3VRC9N
OK   고정표 m_persimmon 3WRJ0J
OK   고정표 m_pepper 3XRQRF
OK   고정표 m_bucket 3YRXIB
OK   고정표 m_mat 3ZS48V
OK   고정표 m_rooster 40SB3M
OK   고정표 m_cat 41SIUI
OK   고정표 m_bike 42SPLE
OK   고정표 m_chime 43SWCA
OK   고정표 m_radish 44T32U
OK   고정표 m_pumpkin 45TATX
OK   고정표 m_duck 46THKT
OK   고정표 m_butterfly 47TOBP
OK   고정표 m_sunflower 48TV2L
OK   배열 순서를 뒤집어도 코드 동일
OK   코드 → 아이템 b_sofa
OK   틀린 코드 거부
