OK   홈 글자 크기 17px 이상 
OK   레벨 목록 120개(처음엔 1만 열림)
OK   레벨 1 클리어(sort, 칸 5, 칸 폭 66)
OK   레벨 1 칸 폭 44px 이상(66)
OK   레벨 2 클리어(sort, 칸 5, 칸 폭 66)
OK   레벨 2 칸 폭 44px 이상(66)
OK   레벨 3 클리어(sort, 칸 5, 칸 폭 66)
OK   레벨 3 칸 폭 44px 이상(66)
OK   레벨 4 클리어(sort, 칸 5, 칸 폭 66)
OK   레벨 4 칸 폭 44px 이상(66)
OK   레벨 5 클리어(sort, 칸 5, 칸 폭 66)
OK   레벨 5 칸 폭 44px 이상(66)
OK   레벨 6 클리어(pair, 칸 6, 칸 폭 58)
OK   레벨 6 칸 폭 44px 이상(58)
OK   레벨 7 클리어(sort, 칸 5, 칸 폭 66)
OK   레벨 7 칸 폭 44px 이상(66)
OK   레벨 8 클리어(family, 칸 5, 칸 폭 66)
OK   레벨 8 칸 폭 44px 이상(66)
OK   레벨 9 클리어(locked, 칸 6, 칸 폭 58)
OK   레벨 9 칸 폭 44px 이상(58)
OK   레벨 10 클리어(sort, 칸 5, 칸 폭 66)
OK   레벨 10 칸 폭 44px 이상(66)
OK   레벨 10 까지 수납 소품 5개
OK   레벨 11 클리어(hidden, 칸 6, 칸 폭 58)
OK   레벨 11 칸 폭 44px 이상(58)
OK   레벨 12 클리어(limit, 칸 6, 칸 폭 58)
OK   레벨 12 칸 폭 44px 이상(58)
OK   레벨 13 클리어(locked, 칸 7, 칸 폭 66)
OK   레벨 13 칸 폭 44px 이상(66)
OK   레벨 14 클리어(family, 칸 5, 칸 폭 66)
OK   레벨 14 칸 폭 44px 이상(66)
OK   레벨 15 클리어(sort, 칸 5, 칸 폭 66)
OK   레벨 15 칸 폭 44px 이상(66)
OK   레벨 16 클리어(sort, 칸 6, 칸 폭 58)
OK   레벨 16 칸 폭 44px 이상(58)
OK   레벨 17 클리어(limit, 칸 6, 칸 폭 58)
OK   레벨 17 칸 폭 44px 이상(58)
OK   레벨 18 클리어(pair, 칸 6, 칸 폭 58)
OK   레벨 18 칸 폭 44px 이상(58)
OK   레벨 19 클리어(hidden, 칸 6, 칸 폭 58)
OK   레벨 19 칸 폭 44px 이상(58)
OK   레벨 20 클리어(sort, 칸 5, 칸 폭 66)
OK   레벨 20 칸 폭 44px 이상(66)
OK   레벨 20 까지 수납 소품 10개
OK   레벨 21 클리어(locked, 칸 7, 칸 폭 66)
OK   레벨 21 칸 폭 44px 이상(66)
OK   레벨 22 클리어(sort, 칸 6, 칸 폭 58)
OK   레벨 22 칸 폭 44px 이상(58)
OK   레벨 23 클리어(hidden, 칸 6, 칸 폭 58)
OK   레벨 23 칸 폭 44px 이상(58)
OK   레벨 24 클리어(limit, 칸 6, 칸 폭 58)
OK   레벨 24 칸 폭 44px 이상(58)
OK   레벨 25 클리어(sort, 칸 5, 칸 폭 66)
OK   레벨 25 칸 폭 44px 이상(66)
OK   레벨 26 클리어(family, 칸 5, 칸 폭 66)
OK   레벨 26 칸 폭 44px 이상(66)
OK   레벨 27 클리어(pair, 칸 8, 칸 폭 66)
OK   레벨 27 칸 폭 44px 이상(66)
OK   레벨 28 클리어(sort, 칸 7, 칸 폭 66)
OK   레벨 28 칸 폭 44px 이상(66)
OK   레벨 29 클리어(limit, 칸 7, 칸 폭 66)
OK   레벨 29 칸 폭 44px 이상(66)
OK   레벨 30 클리어(sort, 칸 6, 칸 폭 58)
OK   레벨 30 칸 폭 44px 이상(58)
OK   실제 클릭으로 칸을 집음
OK   실제 클릭으로 물건이 옮겨짐
OK   되돌리기
OK   되돌리기는 한 판 3번까지
OK   칸 하나 더(1번만)
OK   힌트: 집을 칸이 깜빡임
OK   못 옮기는 칸엔 안 놓임(벌 없음)
OK   판 종류 6종: sort,pair,family,locked,hidden,limit
OK   오늘의 한 판 클리어(sort)
OK   세 가족 판(네모) 클리어(sort)
OK   세 가족 판(세모) 클리어(sort)
OK   세 가족 판(동그라미) 클리어(sort)
OK   시즌 판 클리어(sort)
OK   콘솔 오류 없음 
ALL PASS
