결과 분포(무작위 응답 20000회):
  dong0  15.0%
  dong1  7.8%
  dong2  10.7%
  nemo0  7.9%
  nemo1  14.5%
  nemo2  11.2%
  semo0  11.3%
  semo1  14.3%
  semo2  7.4%
가족별: nemo 33.6% semo 32.9% dong 33.5%
  q1 dong 32% nemo 34% semo 35%
  q2 nemo 36% semo 31% dong 32%
  q3 dong 33% nemo 29% semo 37%
  q4 nemo 33% semo 32% dong 35%
  q5 nemo 34% dong 33% semo 33%
  q6 dong 31% semo 35% nemo 34%
  q7 dong 31% semo 33% nemo 35%
  q8 semo 32% dong 34% nemo 34%
  q9 dong 33% semo 31% nemo 36%
  q10 semo 33% dong 30% nemo 37%
  q11 dong 35% nemo 35% semo 30%
  q12 semo 31% dong 32% nemo 37%
  q13 dong 36% nemo 30% semo 34%
  q14 nemo 32% dong 36% semo 31%
  q15 semo 34% nemo 33% dong 33%
  q16 nemo 32% dong 37% semo 31%
  q17 dong 36% nemo 30% semo 35%
ALL PASS
