OK   홈 글자 크기 17px 이상 
OK   레벨 목록 120개(처음엔 1만 열림)
OK   레벨 61 클리어(locked, 칸 9, 칸 폭 66)
OK   레벨 61 칸 폭 44px 이상(66)
OK   레벨 62 클리어(family, 칸 7, 칸 폭 66)
OK   레벨 62 칸 폭 44px 이상(66)
OK   레벨 63 클리어(pair, 칸 10, 칸 폭 66)
OK   레벨 63 칸 폭 44px 이상(66)
OK   레벨 64 클리어(sort, 칸 9, 칸 폭 66)
OK   레벨 64 칸 폭 44px 이상(66)
OK   레벨 65 클리어(sort, 칸 8, 칸 폭 66)
OK   레벨 65 칸 폭 44px 이상(66)
OK   레벨 66 클리어(pair, 칸 10, 칸 폭 66)
OK   레벨 66 칸 폭 44px 이상(66)
OK   레벨 67 클리어(hidden, 칸 9, 칸 폭 66)
OK   레벨 67 칸 폭 44px 이상(66)
OK   레벨 68 클리어(family, 칸 7, 칸 폭 66)
OK   레벨 68 칸 폭 44px 이상(66)
OK   레벨 69 클리어(locked, 칸 10, 칸 폭 66)
OK   레벨 69 칸 폭 44px 이상(66)
OK   레벨 70 클리어(sort, 칸 8, 칸 폭 66)
OK   레벨 70 칸 폭 44px 이상(66)
OK   레벨 71 클리어(hidden, 칸 9, 칸 폭 66)
OK   레벨 71 칸 폭 44px 이상(66)
OK   레벨 72 클리어(limit, 칸 9, 칸 폭 66)
OK   레벨 72 칸 폭 44px 이상(66)
OK   레벨 73 클리어(locked, 칸 10, 칸 폭 66)
OK   레벨 73 칸 폭 44px 이상(66)
OK   레벨 74 클리어(family, 칸 7, 칸 폭 66)
OK   레벨 74 칸 폭 44px 이상(66)
OK   레벨 75 클리어(sort, 칸 8, 칸 폭 66)
OK   레벨 75 칸 폭 44px 이상(66)
OK   레벨 76 클리어(sort, 칸 9, 칸 폭 66)
OK   레벨 76 칸 폭 44px 이상(66)
OK   레벨 77 클리어(limit, 칸 9, 칸 폭 66)
OK   레벨 77 칸 폭 44px 이상(66)
OK   레벨 78 클리어(pair, 칸 10, 칸 폭 66)
OK   레벨 78 칸 폭 44px 이상(66)
OK   레벨 79 클리어(hidden, 칸 9, 칸 폭 66)
OK   레벨 79 칸 폭 44px 이상(66)
OK   레벨 80 클리어(sort, 칸 9, 칸 폭 66)
OK   레벨 80 칸 폭 44px 이상(66)
OK   레벨 81 클리어(locked, 칸 11, 칸 폭 58)
OK   레벨 81 칸 폭 44px 이상(58)
OK   레벨 82 클리어(sort, 칸 10, 칸 폭 66)
OK   레벨 82 칸 폭 44px 이상(66)
OK   레벨 83 클리어(hidden, 칸 10, 칸 폭 66)
OK   레벨 83 칸 폭 44px 이상(66)
OK   레벨 84 클리어(limit, 칸 10, 칸 폭 66)
OK   레벨 84 칸 폭 44px 이상(66)
OK   레벨 85 클리어(sort, 칸 9, 칸 폭 66)
OK   레벨 85 칸 폭 44px 이상(66)
OK   레벨 86 클리어(family, 칸 6, 칸 폭 58)
OK   레벨 86 칸 폭 44px 이상(58)
OK   레벨 87 클리어(pair, 칸 10, 칸 폭 66)
OK   레벨 87 칸 폭 44px 이상(66)
OK   레벨 88 클리어(sort, 칸 9, 칸 폭 66)
OK   레벨 88 칸 폭 44px 이상(66)
OK   레벨 89 클리어(limit, 칸 10, 칸 폭 66)
OK   레벨 89 칸 폭 44px 이상(66)
OK   레벨 90 클리어(sort, 칸 8, 칸 폭 66)
OK   레벨 90 칸 폭 44px 이상(66)
OK   콘솔 오류 없음 
ALL PASS
