OK   홈 글자 크기 17px 이상 
OK   레벨 목록 120개(처음엔 1만 열림)
OK   레벨 81 클리어(diff, 7곳)
OK   레벨 82 클리어(hidden, 5곳)
OK   레벨 83 클리어(diff, 6곳)
OK   레벨 84 클리어(memory, 7곳)
OK   레벨 85 클리어(diff, 4곳)
OK   레벨 86 클리어(zoom, 5곳)
OK   레벨 87 클리어(odd, 3곳)
OK   레벨 88 클리어(three, 6곳)
OK   레벨 89 클리어(diff, 7곳)
OK   레벨 90 클리어(diff, 4곳)
OK   레벨 91 클리어(diff, 6곳)
OK   레벨 92 클리어(odd, 3곳)
OK   레벨 93 클리어(diff, 7곳)
OK   레벨 94 클리어(odd, 3곳)
OK   레벨 95 클리어(diff, 4곳)
OK   레벨 96 클리어(hidden, 5곳)
OK   레벨 97 클리어(three, 7곳)
OK   레벨 98 클리어(memory, 7곳)
OK   레벨 99 클리어(zoom, 4곳)
OK   레벨 100 클리어(diff, 4곳)
OK   콘솔 오류 없음 
ALL PASS
