OK   홈 글자 크기 17px 이상 
OK   레벨 목록 120개(처음엔 1만 열림)
OK   레벨 1 클리어(lines, 조각 18, 최소 7)
OK   레벨 2 클리어(lines, 조각 21, 최소 9)
OK   레벨 3 클리어(lines, 조각 21, 최소 9)
OK   레벨 4 클리어(family, 조각 12, 최소 7)
OK   레벨 5 클리어(lines, 조각 24, 최소 13)
OK   레벨 6 클리어(junk, 조각 18, 최소 9)
OK   레벨 7 클리어(star, 조각 9, 최소 3)
OK   레벨 8 클리어(family, 조각 18, 최소 10)
OK   레벨 9 클리어(combo, 조각 38, 최소 21)
OK   레벨 10 클리어(lines, 조각 30, 최소 17)
OK   레벨 10 까지 집 소품 5개
OK   끌 때 놓을 자리 미리 보기 2칸
OK   끌어서 놓기 성공(조각 1개 사용)
OK   되돌리기(1회)
OK   두 번째 되돌리기는 막힘(한 판에 한 번)
OK   탭으로 놓기(조각 선택 → 칸)
OK   자리가 없으면 벌 없이 즉시 새 판(한 번 더)
OK   판 종류 7종: lines,family,junk,star,combo,limit,solo
OK   오늘의 한 판 클리어(lines)
OK   세 가족 판(네모) 클리어(lines)
OK   세 가족 판(세모) 클리어(lines)
OK   세 가족 판(동그라미) 클리어(lines)
OK   시즌 판 클리어(family)
OK   콘솔 오류 없음 
ALL PASS
