INFO         | Android emulator version 36.4.9.0 (build_id 14788078) (CL:N/A)
INFO         | Graphics backend: gfxstream
INFO         | Found systemPath C:\Users\gurud\AppData\Local\Android\Sdk\system-images\android-36.1\google_apis_playstore\x86_64\
WARNING      | Please update the emulator to one that supports the feature(s): VulkanVirtualQueue
INFO         | IPv4 server found: 168.126.63.1
INFO         | Ignore IPv6 address: 2802:b2f:1702:0:60fa:a2f:1702:0
INFO         | Ignore IPv6 address: 2802:b2f:1702:0:60fa:a2f:1702:0
INFO         | Ignore IPv6 address: 2802:b2f:1702:0:60fa:a2f:1702:0
INFO         | Guest GLES Driver: Auto (ext controls)
INFO         | emuglConfig_init: vulkan_mode_selected:swiftshader gles_mode_selected:swiftshader
INFO         | Checking system compatibility:
INFO         |   Checking: hasCompatibleHypervisor
INFO         |      Ok: Hypervisor compatibility to run avd: `Medium_Phone_API_36.1` are met
INFO         |   Checking: hasSufficientSystem
INFO         |      Ok: System requirements to run avd: `Medium_Phone_API_36.1` are met
INFO         |   Checking: hasSufficientHwGpu
INFO         |      Ok: Hardware GPU compatibility checks are not required
INFO         |   Checking: hasSufficientDiskSpace
INFO         |      Ok: Disk space requirements to run avd: `Medium_Phone_API_36.1` are met
INFO         | Storing crashdata in: C:\Users\gurud\AppData\Local\Temp\\AndroidEmulator\emu-crash-36.4.9.db, detection is enabled for process: 12332
INFO         | Initializing gfxstream backend
INFO         | android_startOpenglesRenderer: gpu info
INFO         | GPU #1
  Make: 10de
  Model: NVIDIA GeForce GTX 1660 SUPER
  Device ID: 21c4

INFO         | initIcdPaths: ICD set to 'swiftshader', using Swiftshader ICD
INFO         | Setting ICD filenames for the loader = C:\Users\gurud\AppData\Local\Android\Sdk\emulator\lib64\vulkan\vk_swiftshader_icd.json
INFO         | SharedLibrary::open for [C:\Users\gurud\AppData\Local\Android\Sdk\emulator\qemu\windows-x86_64\lib64\vulkan\vulkan-1.dll]
INFO         | SharedLibrary::open for [C:\Users\gurud\AppData\Local\Android\Sdk\emulator\lib64\vulkan\vulkan-1.dll]
INFO         | Added library: C:\Users\gurud\AppData\Local\Android\Sdk\emulator\lib64\vulkan\vulkan-1.dll
INFO         | Selecting Vulkan device: SwiftShader Device (LLVM 10.0.0), Version: 1.2.0
INFO         | Initializing VkEmulation features:
INFO         |     glInteropSupported: false
INFO         |     useDeferredCommands: true
INFO         |     createResourceWithRequirements: true
INFO         |     useVulkanComposition: false
INFO         |     useVulkanNativeSwapchain: false
INFO         |     enable guestRenderDoc: false
INFO         |     ASTC LDR emulation mode: Gpu
INFO         |     enable ETC2 emulation: true
INFO         |     enable Ycbcr emulation: false
INFO         |     guestVulkanOnly: false
INFO         |     useDedicatedAllocations: false
INFO         | Graphics Adapter Vendor Google (Google Inc.)
INFO         | Graphics Adapter Android Emulator OpenGL ES Translator (Google SwiftShader)
INFO         | Graphics API Version OpenGL ES 3.0 (OpenGL ES 3.0 SwiftShader 4.0.0.1)
INFO         | Graphics API Extensions GL_OES_EGL_sync GL_OES_EGL_image GL_OES_EGL_image_external GL_OES_depth24 GL_OES_depth32 GL_OES_element_index_uint GL_OES_texture_float GL_OES_texture_float_linear GL_OES_compressed_paletted_texture GL_OES_compressed_ETC1_RGB8_texture GL_OES_depth_texture GL_OES_texture_half_float GL_OES_texture_half_float_linear GL_OES_packed_depth_stencil GL_OES_vertex_half_float GL_OES_standard_derivatives GL_OES_texture_npot GL_OES_rgb8_rgba8 GL_EXT_color_buffer_float GL_EXT_color_buffer_half_float GL_EXT_texture_format_BGRA8888 GL_APPLE_texture_format_BGRA8888 
INFO         | Graphics Device Extensions N/A
INFO         | Disabling sparse binding feature support
INFO         | Sending adb public key [QAAAAHc+RGe5BDNLAFz0M4XwB5SskrHCfZ2D+kmtgdlqQR85S97fobI4vjdJaUs/hIC5OcJ/MbcWUi+GT5VXULzVIYEMNGT/4cLXBhaoqRqGvDl6On8J+UNbXMq1Un5ifqx4u3xlW1T9Ts3csduJudUPfbvZe6r60wPtSP5klKLMjuCGl2K22uTPhGHGx/rl+9SZDA9a5322ejeP9Bv/Sfpq1+JdDXCgIliHeXNZ46s+NelHJVfwlaR7Nz+yRbu/FyZWRiX7E3zqfFVjRbmtN8GRHmSOdMBgxT9hAv2KmbnNoBRFWUCyCFzIE6WASBkFjxmFNavu5EFExEc3ukSbaSZdx22E7D2nZNSv3Z29g5EfvQmTdLuOmBeNTRhIW3YCursQJ1hU15PCyj48Kb/EjW9hiPpECWjM2pi2X8KwU1WlWTn2Z2a7BVB5PIHJnQWGLgb34V+sj8XQ5fhjhcWICe9b1ENAVu29k3Mv7TIzbS2k7YmGfwz5zlnnF/wc1f/fF72VjbaS9Tb93o+2iLJxpFNyDmKsMZZkSNUEPDz1AwUiJFtCiqtdIkX/b79eIOaj9piOUGl29k32ILyOUQEtR6rlT6vPDJwNxMeJlXceXi1t8slYzvhYgFu13novlMzMwTEjlaaEDyJmsLKLf/XzK7rLAMrt6hbVZ9UUf9IRaJJc9wOms3kkTgEAAQA= @unknown]
INFO         | Userspace boot properties:
INFO         |   androidboot.boot_devices=pci0000:00/0000:00:03.0 pci0000:00/0000:00:06.0
INFO         |   androidboot.dalvik.vm.heapsize=512m
INFO         |   androidboot.debug.hwui.renderer=skiagl
INFO         |   androidboot.hardware=ranchu
INFO         |   androidboot.hardware.gltransport=pipe
INFO         |   androidboot.hardware.vulkan=ranchu
INFO         |   androidboot.logcat=*:V
INFO         |   androidboot.opengles.version=196608
INFO         |   androidboot.qemu=1
INFO         |   androidboot.qemu.adb.pubkey=QAAAAHc+RGe5BDNLAFz0M4XwB5SskrHCfZ2D+kmtgdlqQR85S97fobI4vjdJaUs/hIC5OcJ/MbcWUi+GT5VXULzVIYEMNGT/4cLXBhaoqRqGvDl6On8J+UNbXMq1Un5ifqx4u3xlW1T9Ts3csduJudUPfbvZe6r60wPtSP5klKLMjuCGl2K22uTPhGHGx/rl+9SZDA9a5322ejeP9Bv/Sfpq1+JdDXCgIliHeXNZ46s+NelHJVfwlaR7Nz+yRbu/FyZWRiX7E3zqfFVjRbmtN8GRHmSOdMBgxT9hAv2KmbnNoBRFWUCyCFzIE6WASBkFjxmFNavu5EFExEc3ukSbaSZdx22E7D2nZNSv3Z29g5EfvQmTdLuOmBeNTRhIW3YCursQJ1hU15PCyj48Kb/EjW9hiPpECWjM2pi2X8KwU1WlWTn2Z2a7BVB5PIHJnQWGLgb34V+sj8XQ5fhjhcWICe9b1ENAVu29k3Mv7TIzbS2k7YmGfwz5zlnnF/wc1f/fF72VjbaS9Tb93o+2iLJxpFNyDmKsMZZkSNUEPDz1AwUiJFtCiqtdIkX/b79eIOaj9piOUGl29k32ILyOUQEtR6rlT6vPDJwNxMeJlXceXi1t8slYzvhYgFu13novlMzMwTEjlaaEDyJmsLKLf/XzK7rLAMrt6hbVZ9UUf9IRaJJc9wOms3kkTgEAAQA= @unknown
INFO         |   androidboot.qemu.avd_name=Medium_Phone_API_36.1
INFO         |   androidboot.qemu.camera_hq_edge_processing=0
INFO         |   androidboot.qemu.camera_protocol_ver=1
INFO         |   androidboot.qemu.cpuvulkan.version=4202496
INFO         |   androidboot.qemu.gltransport.drawFlushInterval=800
INFO         |   androidboot.qemu.gltransport.name=pipe
INFO         |   androidboot.qemu.hwcodec.avcdec=2
INFO         |   androidboot.qemu.hwcodec.hevcdec=2
INFO         |   androidboot.qemu.hwcodec.vpxdec=2
INFO         |   androidboot.qemu.settings.system.screen_off_timeout=2147483647
INFO         |   androidboot.qemu.skin=1080x2400
INFO         |   androidboot.qemu.virtiowifi=1
INFO         |   androidboot.qemu.vsync=60
INFO         |   androidboot.serialno=EMULATOR36X4X9X0
INFO         |   androidboot.vbmeta.digest=8c6ff42bff8696120e63308883e0cfad21d048439d53af334ec09bf5eb680f47
INFO         |   androidboot.vbmeta.hash_alg=sha256
INFO         |   androidboot.vbmeta.size=6720
INFO         |   androidboot.veritymode=enforcing
WHPX on Windows 10.0.26200 detected.
Windows Hypervisor Platform accelerator is operational
netsimd I 10-09 07:47:05.177 daemon\src\rust_main.rs:100 - netsim artifacts path: "C:\\Users\\gurud\\AppData\\Local\\Temp\\netsimd"
netsimd I 10-09 07:47:05.177 daemon\src\rust_main.rs:103 - NetsimdArgs {
    fd_startup_str: None,
    no_cli_ui: true,
    no_web_ui: true,
    pcap: false,
    disable_address_reuse: false,
    hci_port: None,
    connector_instance: None,
    instance: None,
    logtostderr: false,
    dev: false,
    forward_host_mdns: false,
    vsock: None,
    config: None,
    host_dns: Some(
        "168.126.63.1",
    ),
    http_proxy: None,
    wifi_tap: None,
    wifi: None,
    test_beacons: false,
    no_test_beacons: false,
    no_shutdown: false,
    verbose: false,
    version: false,
    debug: DebugArgs {
        debug_no_traffic: false,
        debug_no_network: false,
        debug_no_wmedium: false,
        debug_no_mdns_wmedium: false,
        debug_no_guest_to_host_mdns: false,
    },
    rssi: None,
}
INFO         | Monitoring duration of emulator setup.
WARNING      | The emulator now requires a signed jwt token for gRPC access! Use the -grpc flag if you really want an open unprotected grpc port
INFO         | Using security allow list from: C:\Users\gurud\AppData\Local\Android\Sdk\emulator\lib\emulator_access.json
WARNING      | *** Basic token auth should only be used by android-studio ***
INFO         | The active JSON Web Key Sets can be found here: C:\Users\gurud\AppData\Local\Temp\avd\running\12332\jwks\8bcd8fb0-ecfe-47c6-a75b-01588f0b05fc\active.jwk
INFO         | Scanning C:\Users\gurud\AppData\Local\Temp\avd\running\12332\jwks\8bcd8fb0-ecfe-47c6-a75b-01588f0b05fc for jwk keys.
INFO         | Started GRPC server at 127.0.0.1:8554, security: Local, auth: +token
INFO         | Advertising in: C:\Users\gurud\AppData\Local\Temp\avd\running\pid_12332.ini
INFO         | Setting display: 0 configuration to: 1080x2400, dpi: 420x420 
INFO         | setDisplayActiveConfig 0
USER_INFO    | Emulator is performing a full startup. This may take upto two minutes, or more.
INFO         | GPU Vendor=[Google (Google Inc.)]
INFO         | GPU Renderer=[Android Emulator OpenGL ES Translator (Google SwiftShader)]
INFO         | GPU Version=[OpenGL ES 3.0 (OpenGL ES 3.0 SwiftShader 4.0.0.1)]
INFO         | Activated packet streamer for bluetooth emulation
INFO         | Activated packet streamer for uwb emulation
INFO         | Boot completed in 64853 ms
INFO         | Increasing screen off timeout, logcat buffer size to 2M.
INFO         | Created VkInstance:0000021723E6D040 for application:'' engine:''.
INFO         | Destroyed VkInstance:0000021723E6D040 for application:'' engine:''.
INFO         | IPv4 server found: 168.126.63.1
INFO         | Ignore IPv6 address: f800:92c6:1702:0:30f9:91c6:1702:0
INFO         | Ignore IPv6 address: f800:92c6:1702:0:30f9:91c6:1702:0
INFO         | Ignore IPv6 address: f800:92c6:1702:0:30f9:91c6:1702:0
INFO         | IPv4 server found: 168.126.63.1
INFO         | Ignore IPv6 address: f800:92c6:1702:0:30f9:91c6:1702:0
INFO         | Ignore IPv6 address: f800:92c6:1702:0:30f9:91c6:1702:0
INFO         | Ignore IPv6 address: f800:92c6:1702:0:30f9:91c6:1702:0
INFO         | IPv4 server found: 168.126.63.1
INFO         | Ignore IPv6 address: 8e8:31cd:1702:0:40e0:31cd:1702:0
INFO         | Ignore IPv6 address: 8e8:31cd:1702:0:40e0:31cd:1702:0
INFO         | Ignore IPv6 address: 8e8:31cd:1702:0:40e0:31cd:1702:0
INFO         | Created VkInstance:0000021723E6D040 for application:'' engine:''.
INFO         | Destroyed VkInstance:0000021723E6D040 for application:'' engine:''.
INFO         | Created VkInstance:0000021723E6D040 for application:'' engine:''.
INFO         | Destroyed VkInstance:0000021723E6D040 for application:'' engine:''.
INFO         | Created VkInstance:0000021723E6D040 for application:'' engine:''.
INFO         | Destroyed VkInstance:0000021723E6D040 for application:'' engine:''.
INFO         | Wait for emulator (pid 12332) 20 seconds to shutdown gracefully before kill;you can set environment variable ANDROID_EMULATOR_WAIT_TIME_BEFORE_KILL(in seconds) to change the default value (20 seconds)

WARNING      | Not saving state: RAM not mapped as shared
INFO         | Saving snapshot 'default_boot' using 8 ms
