OK   홈 글자 크기 17px 이상 
OK   레벨 목록 120개(처음엔 1만 열림)
OK   레벨 91 클리어(hidden, 칸 10, 칸 폭 66)
OK   레벨 91 칸 폭 44px 이상(66)
OK   레벨 92 클리어(family, 칸 7, 칸 폭 66)
OK   레벨 92 칸 폭 44px 이상(66)
OK   레벨 93 클리어(locked, 칸 11, 칸 폭 58)
OK   레벨 93 칸 폭 44px 이상(58)
OK   레벨 94 클리어(sort, 칸 9, 칸 폭 66)
OK   레벨 94 칸 폭 44px 이상(66)
OK   레벨 95 클리어(sort, 칸 9, 칸 폭 66)
OK   레벨 95 칸 폭 44px 이상(66)
OK   레벨 96 클리어(limit, 칸 9, 칸 폭 66)
OK   레벨 96 칸 폭 44px 이상(66)
OK   레벨 97 클리어(locked, 칸 11, 칸 폭 58)
OK   레벨 97 칸 폭 44px 이상(58)
OK   레벨 98 클리어(family, 칸 7, 칸 폭 66)
OK   레벨 98 칸 폭 44px 이상(66)
OK   레벨 99 클리어(pair, 칸 12, 칸 폭 58)
OK   레벨 99 칸 폭 44px 이상(58)
OK   레벨 100 클리어(sort, 칸 9, 칸 폭 66)
OK   레벨 100 칸 폭 44px 이상(66)
OK   레벨 101 클리어(limit, 칸 11, 칸 폭 58)
OK   레벨 101 칸 폭 44px 이상(58)
OK   레벨 102 클리어(pair, 칸 11, 칸 폭 58)
OK   레벨 102 칸 폭 44px 이상(58)
OK   레벨 103 클리어(hidden, 칸 11, 칸 폭 58)
OK   레벨 103 칸 폭 44px 이상(58)
OK   레벨 104 클리어(family, 칸 7, 칸 폭 66)
OK   레벨 104 칸 폭 44px 이상(66)
OK   레벨 105 클리어(sort, 칸 10, 칸 폭 66)
OK   레벨 105 칸 폭 44px 이상(66)
OK   레벨 106 클리어(sort, 칸 10, 칸 폭 66)
OK   레벨 106 칸 폭 44px 이상(66)
OK   레벨 107 클리어(hidden, 칸 11, 칸 폭 58)
OK   레벨 107 칸 폭 44px 이상(58)
OK   레벨 108 클리어(limit, 칸 10, 칸 폭 66)
OK   레벨 108 칸 폭 44px 이상(66)
OK   레벨 109 클리어(locked, 칸 12, 칸 폭 58)
OK   레벨 109 칸 폭 44px 이상(58)
OK   레벨 110 클리어(sort, 칸 9, 칸 폭 66)
OK   레벨 110 칸 폭 44px 이상(66)
OK   레벨 111 클리어(pair, 칸 12, 칸 폭 58)
OK   레벨 111 칸 폭 44px 이상(58)
OK   레벨 112 클리어(sort, 칸 10, 칸 폭 66)
OK   레벨 112 칸 폭 44px 이상(66)
OK   레벨 113 클리어(limit, 칸 11, 칸 폭 58)
OK   레벨 113 칸 폭 44px 이상(58)
OK   레벨 114 클리어(pair, 칸 11, 칸 폭 58)
OK   레벨 114 칸 폭 44px 이상(58)
OK   레벨 115 클리어(sort, 칸 11, 칸 폭 58)
OK   레벨 115 칸 폭 44px 이상(58)
OK   레벨 116 클리어(family, 칸 7, 칸 폭 66)
OK   레벨 116 칸 폭 44px 이상(66)
OK   레벨 117 클리어(locked, 칸 12, 칸 폭 58)
OK   레벨 117 칸 폭 44px 이상(58)
OK   레벨 118 클리어(sort, 칸 11, 칸 폭 58)
OK   레벨 118 칸 폭 44px 이상(58)
OK   레벨 119 클리어(hidden, 칸 12, 칸 폭 58)
OK   레벨 119 칸 폭 44px 이상(58)
OK   레벨 120 클리어(sort, 칸 10, 칸 폭 66)
OK   레벨 120 칸 폭 44px 이상(66)
OK   레벨 120 까지 수납 소품 1개
OK   콘솔 오류 없음 
ALL PASS
