OK   홈 글자 크기 17px 이상 
OK   레벨 목록 140개(처음엔 1만 열림)
OK   레벨 121 클리어(diff, 9곳)
OK   레벨 122 클리어(odd, 3곳)
OK   레벨 123 클리어(diff, 8곳)
OK   레벨 124 클리어(odd, 3곳)
OK   레벨 125 클리어(diff, 4곳)
OK   레벨 126 클리어(hidden, 5곳)
OK   레벨 127 클리어(three, 7곳)
OK   레벨 128 클리어(memory, 8곳)
OK   레벨 129 클리어(zoom, 6곳)
OK   레벨 130 클리어(diff, 4곳)
OK   레벨 131 클리어(diff, 9곳)
OK   레벨 132 클리어(odd, 3곳)
OK   레벨 133 클리어(hidden, 5곳)
OK   레벨 134 클리어(three, 9곳)
OK   레벨 135 클리어(diff, 4곳)
OK   레벨 136 클리어(memory, 8곳)
OK   레벨 137 클리어(zoom, 9곳)
OK   레벨 138 클리어(odd, 3곳)
OK   레벨 139 클리어(hidden, 5곳)
OK   레벨 140 클리어(diff, 4곳)
OK   콘솔 오류 없음 
ALL PASS
