OK   홈 글자 크기 17px 이상 
OK   레벨 목록 140개(처음엔 1만 열림)
OK   레벨 1 클리어(diff, 3곳)
OK   레벨 2 클리어(diff, 3곳)
OK   레벨 3 클리어(diff, 3곳)
OK   레벨 4 클리어(odd, 3곳)
OK   레벨 5 클리어(diff, 4곳)
OK   레벨 6 클리어(hidden, 4곳)
OK   레벨 7 클리어(three, 5곳)
OK   레벨 8 클리어(memory, 4곳)
OK   레벨 9 클리어(zoom, 7곳)
OK   레벨 10 클리어(diff, 4곳)
OK   레벨 10 까지 사진·앨범 소품 4개
OK   레벨 11 클리어(diff, 5곳)
OK   레벨 12 클리어(odd, 3곳)
OK   레벨 13 클리어(hidden, 5곳)
OK   레벨 14 클리어(three, 5곳)
OK   레벨 15 클리어(diff, 4곳)
OK   레벨 16 클리어(memory, 5곳)
OK   레벨 17 클리어(zoom, 7곳)
OK   레벨 18 클리어(odd, 3곳)
OK   레벨 19 클리어(hidden, 5곳)
OK   레벨 20 클리어(diff, 4곳)
OK   틀린 곳을 누르면 틀린 탭 1회(판은 계속)
OK   실제 포인터로 틀린 곳 찾기
OK   힌트: 아직 못 찾은 곳이 깜빡임
OK   기억 판: 처음에는 아래 그림을 가림(카운트다운 없음)
OK   기억 판: 「다 봤어요」 뒤 원본을 가리고 찾기 시작
OK   확대 판: 확대/원래 토글
OK   오늘의 한 판 클리어(diff)
OK   세 가족 판(네모) 클리어(diff)
OK   세 가족 판(세모) 클리어(diff)
OK   세 가족 판(동그라미) 클리어(diff)
OK   시즌 판 클리어(diff)
OK   콘솔 오류 없음 
ALL PASS
