결과 분포(무작위 응답 20000회):
  dong0  14.7%
  dong1  8.7%
  dong2  10.0%
  nemo0  7.8%
  nemo1  14.2%
  nemo2  11.5%
  semo0  11.0%
  semo1  14.4%
  semo2  7.7%
가족별: nemo 33.5% semo 33.1% dong 33.4%
  q1 dong 32% semo 33% nemo 35%
  q2 nemo 38% semo 31% dong 32%
  q3 nemo 29% dong 34% semo 37%
  q4 nemo 30% dong 38% semo 32%
  q5 dong 33% semo 35% nemo 32%
  q6 dong 33% nemo 33% semo 34%
  q7 dong 33% nemo 31% semo 36%
  q8 semo 33% dong 35% nemo 32%
  q9 nemo 36% dong 30% semo 34%
  q10 semo 35% dong 32% nemo 33%
  q11 nemo 32% semo 33% dong 34%
  q12 dong 34% semo 32% nemo 34%
  q13 semo 33% nemo 33% dong 34%
  q14 semo 32% nemo 37% dong 32%
  q15 nemo 36% semo 31% dong 33%
  q16 nemo 34% dong 35% semo 31%
  q17 nemo 31% dong 33% semo 36%
  q18 semo 33% nemo 35% dong 32%
  q19 nemo 36% dong 34% semo 30%
ALL PASS
