OK   ⑧ 정리 순위표 보드: daily
OK   ⑧ 정리 [daily] 같은 시드 = 같은 점수(캐시 지워도)
OK   ⑧ 정리 [daily] 앱을 다시 켜도 같은 점수
OK   ⑧ 정리 [daily] 날짜가 다르면 점수가 다름
OK   ⑧ 정리 [daily] 봇끼리 동점 0(하루 0 · 주간 0)
OK   ⑧ 정리 [daily] 매주 가족마다 봇 중 1위 1회 이상(1/2/4 1/2/4 1/3/3 1/3/3 1/4/2 1/3/3 2/2/3 1/4/2)
OK   ⑧ 정리 [daily] 세모는 주마다 대박 날이 2번 이상(눈에 띔)
OK   ⑧ 정리 [daily] 부부·부모 모두 1위 날이 있음(56일: {"semo_h":10,"semo_w":13,"nemo_dad":6,"nemo_mom":3})
     ⑧ 정리 [daily] 평균(네모·세모·동그라미)=698/738/953 표준편차=164/223/113 쉬는 날=1
OK   ⑧ 정리 [daily] 점수 범위
OK   ⑧ 정리 [daily] 쉬는 날은 가끔(14일×5명 중 1)
OK   ⑧ 정리 지면(점수 50) 한 줄 없음
OK   ⑧ 정리 이기면 한 줄: 오늘은 동그라미 아빠를 이겼어요!
OK   ⑧ 정리 1위
OK   ⑧ 정리 주 1위 → 집 소품 1개 확정 지급(u_fridge)
OK   ⑧ 정리 같은 주에 두 번째 보상 없음
OK   ⑧ 정리 주간 한 줄: 이번 주는 동그라미 아빠를 앞서고 있어요!
OK   ⑧ 정리 월요일에 주간은 새로 시작, 지난주는 내 기록에만 남음(6000,5000,50)
OK   ⑧ 정리 시트: 가족 5명 + 나(6줄)
OK   ⑧ 정리 시트가 화면 안·큰 글씨에서도 안내 줄까지 안 잘림(안내 2줄)
OK   ⑧ 정리 오늘의 한 판 결과에 「순위표 보기」
OK   ⑧ 정리 실제 플레이 점수 기록(400)
OK   ⑧ 정리 내 점수가 오늘 순위표에 보임
OK   ⑧ 정리 통계 화면에 순위표 줄
OK   ⑧ 정리 콘솔 오류 없음 
ALL PASS
