OK   홈 글자 크기 17px 이상 
OK   레벨 목록 120개(처음엔 1만 열림)
OK   레벨 31 클리어(hidden, 칸 7, 칸 폭 66)
OK   레벨 31 칸 폭 44px 이상(66)
OK   레벨 32 클리어(family, 칸 6, 칸 폭 58)
OK   레벨 32 칸 폭 44px 이상(58)
OK   레벨 33 클리어(locked, 칸 8, 칸 폭 66)
OK   레벨 33 칸 폭 44px 이상(66)
OK   레벨 34 클리어(sort, 칸 7, 칸 폭 66)
OK   레벨 34 칸 폭 44px 이상(66)
OK   레벨 35 클리어(sort, 칸 6, 칸 폭 58)
OK   레벨 35 칸 폭 44px 이상(58)
OK   레벨 36 클리어(limit, 칸 7, 칸 폭 66)
OK   레벨 36 칸 폭 44px 이상(66)
OK   레벨 37 클리어(locked, 칸 8, 칸 폭 66)
OK   레벨 37 칸 폭 44px 이상(66)
OK   레벨 38 클리어(family, 칸 6, 칸 폭 58)
OK   레벨 38 칸 폭 44px 이상(58)
OK   레벨 39 클리어(pair, 칸 8, 칸 폭 66)
OK   레벨 39 칸 폭 44px 이상(66)
OK   레벨 40 클리어(sort, 칸 6, 칸 폭 58)
OK   레벨 40 칸 폭 44px 이상(58)
OK   레벨 41 클리어(limit, 칸 7, 칸 폭 66)
OK   레벨 41 칸 폭 44px 이상(66)
OK   레벨 42 클리어(pair, 칸 8, 칸 폭 66)
OK   레벨 42 칸 폭 44px 이상(66)
OK   레벨 43 클리어(hidden, 칸 7, 칸 폭 66)
OK   레벨 43 칸 폭 44px 이상(66)
OK   레벨 44 클리어(family, 칸 6, 칸 폭 58)
OK   레벨 44 칸 폭 44px 이상(58)
OK   레벨 45 클리어(sort, 칸 7, 칸 폭 66)
OK   레벨 45 칸 폭 44px 이상(66)
OK   레벨 46 클리어(sort, 칸 8, 칸 폭 66)
OK   레벨 46 칸 폭 44px 이상(66)
OK   레벨 47 클리어(hidden, 칸 8, 칸 폭 66)
OK   레벨 47 칸 폭 44px 이상(66)
OK   레벨 48 클리어(limit, 칸 8, 칸 폭 66)
OK   레벨 48 칸 폭 44px 이상(66)
OK   레벨 49 클리어(locked, 칸 9, 칸 폭 66)
OK   레벨 49 칸 폭 44px 이상(66)
OK   레벨 50 클리어(sort, 칸 7, 칸 폭 66)
OK   레벨 50 칸 폭 44px 이상(66)
OK   레벨 51 클리어(pair, 칸 8, 칸 폭 66)
OK   레벨 51 칸 폭 44px 이상(66)
OK   레벨 52 클리어(sort, 칸 8, 칸 폭 66)
OK   레벨 52 칸 폭 44px 이상(66)
OK   레벨 53 클리어(limit, 칸 8, 칸 폭 66)
OK   레벨 53 칸 폭 44px 이상(66)
OK   레벨 54 클리어(pair, 칸 10, 칸 폭 66)
OK   레벨 54 칸 폭 44px 이상(66)
OK   레벨 55 클리어(sort, 칸 7, 칸 폭 66)
OK   레벨 55 칸 폭 44px 이상(66)
OK   레벨 56 클리어(family, 칸 6, 칸 폭 58)
OK   레벨 56 칸 폭 44px 이상(58)
OK   레벨 57 클리어(locked, 칸 9, 칸 폭 66)
OK   레벨 57 칸 폭 44px 이상(66)
OK   레벨 58 클리어(sort, 칸 8, 칸 폭 66)
OK   레벨 58 칸 폭 44px 이상(66)
OK   레벨 59 클리어(hidden, 칸 8, 칸 폭 66)
OK   레벨 59 칸 폭 44px 이상(66)
OK   레벨 60 클리어(sort, 칸 7, 칸 폭 66)
OK   레벨 60 칸 폭 44px 이상(66)
OK   콘솔 오류 없음 
ALL PASS
